1단계 선별: 12조합 x 1.20 m x 3코스

##############################################################
 dwb + lattice   vica_cornercourse   폭 1.20
##############################################################
  controller 는 이미 dwb 입니다.
  planner    navfn -> lattice
  colcon build 후 nav2 를 다시 띄워야 반영됩니다.
==============================================================
 dwb + lattice   inflation 0.55   레인 1.20   각 1회
 결과 /home/sim/VICA-smarthandle/vica_ws/results/matrix/vica_cornercourse/dwb_lattice_infl0.55
==============================================================
/home/sim/VICA-smarthandle/vica_ws/src/vica_description/scripts/width_sweep.sh: line 94: /proc/3925378/cmdline: No such file or directory
  --- 1.20 m  #1
  스테이지 검증 통과: 2026-09-02 22:20:34
  출발 위치 확인: AMCL 오차 0.01 m
                               진단 driving           plan 15건(0 빈것)  cmd 0 비율 0%  경로끝-목표 0.0 m  복구 0.0s -
    통과 위로 #1                   stuck     이동  1.02 m  남은거리  4.53 m  최소여유 0.40 m    3.5s
                               진단 driving           plan 14건(0 빈것)  cmd 0 비율 0%  경로끝-목표 0.0 m  복구 0.0s -
/home/sim/VICA-smarthandle/vica_ws/src/vica_description/scripts/width_sweep.sh: line 91: 3927758 Killed                  nohup ros2 launch vica_description vica_nav2_bringup.launch.py map:="$MAP" launch_rviz:=false > /tmp/vica_sweep_nav2.log 2>&1
/home/sim/VICA-smarthandle/vica_ws/src/vica_description/scripts/width_sweep.sh: line 94: /proc/3928602/cmdline: No such file or directory

=== 완료. dwb inflation 0.55 -> /home/sim/VICA-smarthandle/vica_ws/results/matrix/vica_cornercourse/dwb_lattice_infl0.55

##############################################################
 dwb + hybrid   vica_cornercourse   폭 1.20
##############################################################
  controller 는 이미 dwb 입니다.
  planner    lattice -> hybrid
  colcon build 후 nav2 를 다시 띄워야 반영됩니다.
==============================================================
 dwb + hybrid   inflation 0.55   레인 1.20   각 1회
 결과 /home/sim/VICA-smarthandle/vica_ws/results/matrix/vica_cornercourse/dwb_hybrid_infl0.55
==============================================================
  --- 1.20 m  #1
  스테이지 검증 통과: 2026-09-02 22:20:34
  출발 위치 확인: AMCL 오차 0.02 m
                               진단 driving           plan 14건(0 빈것)  cmd 0 비율 0%  경로끝-목표 0.0 m  복구 0.0s -
    통과 위로 #1                   stuck     이동  4.48 m  남은거리  2.57 m  최소여유 0.40 m   10.3s
                               진단 driving           plan 43건(0 빈것)  cmd 0 비율 0%  경로끝-목표 0.0 m  복구 0.0s -
/home/sim/VICA-smarthandle/vica_ws/src/vica_description/scripts/width_sweep.sh: line 94: /proc/3932602/cmdline: No such file or directory
/home/sim/VICA-smarthandle/vica_ws/src/vica_description/scripts/width_sweep.sh: line 94: /proc/3932860/cmdline: No such file or directory
/home/sim/VICA-smarthandle/vica_ws/src/vica_description/scripts/width_sweep.sh: line 91: 3932919 Killed                  nohup ros2 launch vica_description vica_nav2_bringup.launch.py map:="$MAP" launch_rviz:=false > /tmp/vica_sweep_nav2.log 2>&1
/home/sim/VICA-smarthandle/vica_ws/src/vica_description/scripts/width_sweep.sh: line 94: /proc/3933940/cmdline: No such file or directory

=== 완료. dwb inflation 0.55 -> /home/sim/VICA-smarthandle/vica_ws/results/matrix/vica_cornercourse/dwb_hybrid_infl0.55

##############################################################
 dwb + navfn   vica_cornercourse   폭 1.20
##############################################################
  controller 는 이미 dwb 입니다.
  planner    hybrid -> navfn
  colcon build 후 nav2 를 다시 띄워야 반영됩니다.
==============================================================
 dwb + navfn   inflation 0.55   레인 1.20   각 1회
 결과 /home/sim/VICA-smarthandle/vica_ws/results/matrix/vica_cornercourse/dwb_navfn_infl0.55
==============================================================
/home/sim/VICA-smarthandle/vica_ws/src/vica_description/scripts/width_sweep.sh: line 94: /proc/3933927/cmdline: No such file or directory
/home/sim/VICA-smarthandle/vica_ws/src/vica_description/scripts/width_sweep.sh: line 94: /proc/3935982/cmdline: No such file or directory
  --- 1.20 m  #1
  스테이지 검증 통과: 2026-09-02 22:20:34
  출발 위치 확인: AMCL 오차 0.01 m
                               진단 driving           plan 13건(0 빈것)  cmd 0 비율 0%  경로끝-목표 0.0 m  복구 0.0s -
    통과 위로 #1                   timeout   이동  1.26 m  남은거리  4.33 m  최소여유 0.40 m   35.0s
                               진단 driving           plan 147건(0 빈것)  cmd 0 비율 0%  경로끝-목표 0.0 m  복구 0.0s -
/home/sim/VICA-smarthandle/vica_ws/src/vica_description/scripts/width_sweep.sh: line 91: 3938343 Killed                  nohup ros2 launch vica_description vica_nav2_bringup.launch.py map:="$MAP" launch_rviz:=false > /tmp/vica_sweep_nav2.log 2>&1
/home/sim/VICA-smarthandle/vica_ws/src/vica_description/scripts/width_sweep.sh: line 94: /proc/3939902/cmdline: No such file or directory

=== 완료. dwb inflation 0.55 -> /home/sim/VICA-smarthandle/vica_ws/results/matrix/vica_cornercourse/dwb_navfn_infl0.55

##############################################################
 dwb + smac2d   vica_cornercourse   폭 1.20
##############################################################
  controller 는 이미 dwb 입니다.
  planner    navfn -> smac2d
  colcon build 후 nav2 를 다시 띄워야 반영됩니다.
==============================================================
 dwb + smac2d   inflation 0.55   레인 1.20   각 1회
 결과 /home/sim/VICA-smarthandle/vica_ws/results/matrix/vica_cornercourse/dwb_smac2d_infl0.55
==============================================================
/home/sim/VICA-smarthandle/vica_ws/src/vica_description/scripts/width_sweep.sh: line 94: /proc/3939889/cmdline: No such file or directory
/home/sim/VICA-smarthandle/vica_ws/src/vica_description/scripts/width_sweep.sh: line 94: /proc/3941928/cmdline: No such file or directory
  --- 1.20 m  #1
  스테이지 검증 통과: 2026-09-02 22:20:34
  출발 위치 확인: AMCL 오차 0.01 m
                               진단 driving           plan 15건(0 빈것)  cmd 0 비율 0%  경로끝-목표 0.01 m  복구 0.0s -
    통과 위로 #1                   timeout   이동  4.39 m  남은거리  2.44 m  최소여유 0.40 m   34.8s
                               진단 driving           plan 147건(0 빈것)  cmd 0 비율 0%  경로끝-목표 0.01 m  복구 0.0s -
/home/sim/VICA-smarthandle/vica_ws/src/vica_description/scripts/width_sweep.sh: line 91: 3944313 Killed                  nohup ros2 launch vica_description vica_nav2_bringup.launch.py map:="$MAP" launch_rviz:=false > /tmp/vica_sweep_nav2.log 2>&1
/home/sim/VICA-smarthandle/vica_ws/src/vica_description/scripts/width_sweep.sh: line 94: /proc/3945913/cmdline: No such file or directory

=== 완료. dwb inflation 0.55 -> /home/sim/VICA-smarthandle/vica_ws/results/matrix/vica_cornercourse/dwb_smac2d_infl0.55

##############################################################
 rpp + lattice   vica_cornercourse   폭 1.20
##############################################################
  controller dwb -> rpp   smoother accel [2.5, 0.0, 3.2] decel [-1.25, 0.0, -3.2]
  planner    smac2d -> lattice
  colcon build 후 nav2 를 다시 띄워야 반영됩니다.
==============================================================
 rpp + lattice   inflation 0.55   레인 1.20   각 1회
 결과 /home/sim/VICA-smarthandle/vica_ws/results/matrix/vica_cornercourse/rpp_lattice_infl0.55
==============================================================
/home/sim/VICA-smarthandle/vica_ws/src/vica_description/scripts/width_sweep.sh: line 94: /proc/3945906/cmdline: No such file or directory
/home/sim/VICA-smarthandle/vica_ws/src/vica_description/scripts/width_sweep.sh: line 94: /proc/3948061/cmdline: No such file or directory
  --- 1.20 m  #1
  스테이지 검증 통과: 2026-09-02 22:20:34
  출발 위치 확인: AMCL 오차 0.01 m
                               진단 driving           plan 7건(0 빈것)  cmd 0 비율 1%  경로끝-목표 0.0 m  복구 0.0s -
    통과 위로 #1                   stuck     이동  1.41 m  남은거리  4.20 m  최소여유 0.44 m   11.0s
                               진단 driving           plan 45건(0 빈것)  cmd 0 비율 0%  경로끝-목표 0.0 m  복구 0.0s -
/home/sim/VICA-smarthandle/vica_ws/src/vica_description/scripts/width_sweep.sh: line 91: 3950375 Killed                  nohup ros2 launch vica_description vica_nav2_bringup.launch.py map:="$MAP" launch_rviz:=false > /tmp/vica_sweep_nav2.log 2>&1
/home/sim/VICA-smarthandle/vica_ws/src/vica_description/scripts/width_sweep.sh: line 94: /proc/3951369/cmdline: No such file or directory

=== 완료. rpp inflation 0.55 -> /home/sim/VICA-smarthandle/vica_ws/results/matrix/vica_cornercourse/rpp_lattice_infl0.55

##############################################################
 rpp + hybrid   vica_cornercourse   폭 1.20
##############################################################
  controller 는 이미 rpp 입니다.
  planner    lattice -> hybrid
  colcon build 후 nav2 를 다시 띄워야 반영됩니다.
==============================================================
 rpp + hybrid   inflation 0.55   레인 1.20   각 1회
 결과 /home/sim/VICA-smarthandle/vica_ws/results/matrix/vica_cornercourse/rpp_hybrid_infl0.55
==============================================================
/home/sim/VICA-smarthandle/vica_ws/src/vica_description/scripts/width_sweep.sh: line 94: /proc/3953432/cmdline: No such file or directory
  --- 1.20 m  #1
  스테이지 검증 통과: 2026-09-02 22:20:34
  출발 위치 확인: AMCL 오차 0.01 m
                               진단 driving           plan 8건(0 빈것)  cmd 0 비율 1%  경로끝-목표 0.0 m  복구 0.0s -
    통과 위로 #1                   stuck     이동  4.71 m  남은거리  2.06 m  최소여유 0.40 m   15.3s
                               진단 bt-recovery       plan 43건(0 빈것)  cmd 0 비율 5%  경로끝-목표 0.0 m  복구 17.8s Spin
/home/sim/VICA-smarthandle/vica_ws/src/vica_description/scripts/width_sweep.sh: line 94: /proc/3955442/cmdline: No such file or directory
/home/sim/VICA-smarthandle/vica_ws/src/vica_description/scripts/width_sweep.sh: line 94: /proc/3955699/cmdline: No such file or directory
/home/sim/VICA-smarthandle/vica_ws/src/vica_description/scripts/width_sweep.sh: line 91: 3955827 Killed                  nohup ros2 launch vica_description vica_nav2_bringup.launch.py map:="$MAP" launch_rviz:=false > /tmp/vica_sweep_nav2.log 2>&1
/home/sim/VICA-smarthandle/vica_ws/src/vica_description/scripts/width_sweep.sh: line 94: /proc/3956878/cmdline: No such file or directory

=== 완료. rpp inflation 0.55 -> /home/sim/VICA-smarthandle/vica_ws/results/matrix/vica_cornercourse/rpp_hybrid_infl0.55

##############################################################
 rpp + navfn   vica_cornercourse   폭 1.20
##############################################################
  controller 는 이미 rpp 입니다.
  planner    hybrid -> navfn
  colcon build 후 nav2 를 다시 띄워야 반영됩니다.
==============================================================
 rpp + navfn   inflation 0.55   레인 1.20   각 1회
 결과 /home/sim/VICA-smarthandle/vica_ws/results/matrix/vica_cornercourse/rpp_navfn_infl0.55
==============================================================
/home/sim/VICA-smarthandle/vica_ws/src/vica_description/scripts/width_sweep.sh: line 94: /proc/3956858/cmdline: No such file or directory
  --- 1.20 m  #1
  스테이지 검증 통과: 2026-09-02 22:20:34
  출발 위치 확인: AMCL 오차 0.00 m
                               진단 driving           plan 7건(0 빈것)  cmd 0 비율 1%  경로끝-목표 0.0 m  복구 0.0s -
    통과 위로 #1                   reached   이동  5.42 m  남은거리  0.31 m  최소여유 0.48 m   26.2s
                               진단 driving           plan 110건(0 빈것)  cmd 0 비율 40%  경로끝-목표 0.0 m  복구 0.0s -
/home/sim/VICA-smarthandle/vica_ws/src/vica_description/scripts/width_sweep.sh: line 94: /proc/3960919/cmdline: No such file or directory
/home/sim/VICA-smarthandle/vica_ws/src/vica_description/scripts/width_sweep.sh: line 94: /proc/3961176/cmdline: No such file or directory
/home/sim/VICA-smarthandle/vica_ws/src/vica_description/scripts/width_sweep.sh: line 91: 3961313 Killed                  nohup ros2 launch vica_description vica_nav2_bringup.launch.py map:="$MAP" launch_rviz:=false > /tmp/vica_sweep_nav2.log 2>&1
/home/sim/VICA-smarthandle/vica_ws/src/vica_description/scripts/width_sweep.sh: line 94: /proc/3962605/cmdline: No such file or directory

=== 완료. rpp inflation 0.55 -> /home/sim/VICA-smarthandle/vica_ws/results/matrix/vica_cornercourse/rpp_navfn_infl0.55

##############################################################
 rpp + smac2d   vica_cornercourse   폭 1.20
##############################################################
  controller 는 이미 rpp 입니다.
  planner    navfn -> smac2d
  colcon build 후 nav2 를 다시 띄워야 반영됩니다.
==============================================================
 rpp + smac2d   inflation 0.55   레인 1.20   각 1회
 결과 /home/sim/VICA-smarthandle/vica_ws/results/matrix/vica_cornercourse/rpp_smac2d_infl0.55
==============================================================
/home/sim/VICA-smarthandle/vica_ws/src/vica_description/scripts/width_sweep.sh: line 94: /proc/3962577/cmdline: No such file or directory
/home/sim/VICA-smarthandle/vica_ws/src/vica_description/scripts/width_sweep.sh: line 94: /proc/3964714/cmdline: No such file or directory
  --- 1.20 m  #1
  스테이지 검증 통과: 2026-09-02 22:20:34
  출발 위치 확인: AMCL 오차 0.00 m
                               진단 driving           plan 8건(0 빈것)  cmd 0 비율 1%  경로끝-목표 0.01 m  복구 0.0s -
    통과 위로 #1                   timeout   이동  5.01 m  남은거리  0.96 m  최소여유 0.40 m   34.8s
                               진단 driving           plan 147건(0 빈것)  cmd 0 비율 54%  경로끝-목표 0.01 m  복구 0.0s -
/home/sim/VICA-smarthandle/vica_ws/src/vica_description/scripts/width_sweep.sh: line 91: 3967009 Killed                  nohup ros2 launch vica_description vica_nav2_bringup.launch.py map:="$MAP" launch_rviz:=false > /tmp/vica_sweep_nav2.log 2>&1
/home/sim/VICA-smarthandle/vica_ws/src/vica_description/scripts/width_sweep.sh: line 94: /proc/3968560/cmdline: No such file or directory

=== 완료. rpp inflation 0.55 -> /home/sim/VICA-smarthandle/vica_ws/results/matrix/vica_cornercourse/rpp_smac2d_infl0.55

##############################################################
 mppi + lattice   vica_cornercourse   폭 1.20
##############################################################
  controller rpp -> mppi   smoother accel [2.0, 0.0, 2.0] decel [-2.0, 0.0, -2.0]
  planner    smac2d -> lattice
  colcon build 후 nav2 를 다시 띄워야 반영됩니다.
==============================================================
 mppi + lattice   inflation 0.55   레인 1.20   각 1회
 결과 /home/sim/VICA-smarthandle/vica_ws/results/matrix/vica_cornercourse/mppi_lattice_infl0.55
==============================================================
/home/sim/VICA-smarthandle/vica_ws/src/vica_description/scripts/width_sweep.sh: line 94: /proc/3968552/cmdline: No such file or directory
/home/sim/VICA-smarthandle/vica_ws/src/vica_description/scripts/width_sweep.sh: line 94: /proc/3970700/cmdline: No such file or directory
  --- 1.20 m  #1
  스테이지 검증 통과: 2026-09-02 22:20:34
  출발 위치 확인: AMCL 오차 0.02 m
                               진단 driving           plan 17건(0 빈것)  cmd 0 비율 0%  경로끝-목표 0.0 m  복구 0.0s -
    통과 위로 #1                   stuck     이동  4.35 m  남은거리  2.25 m  최소여유 0.42 m   27.4s
                               진단 driving           plan 113건(0 빈것)  cmd 0 비율 0%  경로끝-목표 0.0 m  복구 0.0s -
/home/sim/VICA-smarthandle/vica_ws/src/vica_description/scripts/width_sweep.sh: line 91: 3973135 Killed                  nohup ros2 launch vica_description vica_nav2_bringup.launch.py map:="$MAP" launch_rviz:=false > /tmp/vica_sweep_nav2.log 2>&1
/home/sim/VICA-smarthandle/vica_ws/src/vica_description/scripts/width_sweep.sh: line 94: /proc/3974518/cmdline: No such file or directory

=== 완료. mppi inflation 0.55 -> /home/sim/VICA-smarthandle/vica_ws/results/matrix/vica_cornercourse/mppi_lattice_infl0.55

##############################################################
 mppi + hybrid   vica_cornercourse   폭 1.20
##############################################################
  controller 는 이미 mppi 입니다.
  planner    lattice -> hybrid
  colcon build 후 nav2 를 다시 띄워야 반영됩니다.
==============================================================
 mppi + hybrid   inflation 0.55   레인 1.20   각 1회
 결과 /home/sim/VICA-smarthandle/vica_ws/results/matrix/vica_cornercourse/mppi_hybrid_infl0.55
==============================================================
  1.20 #1  nav2 가 뜨지 않음 -- 기록하고 넘어감
/home/sim/VICA-smarthandle/vica_ws/src/vica_description/scripts/width_sweep.sh: line 94: /proc/3978659/cmdline: No such file or directory
/home/sim/VICA-smarthandle/vica_ws/src/vica_description/scripts/width_sweep.sh: line 94: /proc/3978920/cmdline: No such file or directory
/home/sim/VICA-smarthandle/vica_ws/src/vica_description/scripts/width_sweep.sh: line 91: 3979051 Killed                  nohup ros2 launch vica_description vica_nav2_bringup.launch.py map:="$MAP" launch_rviz:=false > /tmp/vica_sweep_nav2.log 2>&1
/home/sim/VICA-smarthandle/vica_ws/src/vica_description/scripts/width_sweep.sh: line 94: /proc/3980774/cmdline: No such file or directory

=== 완료. mppi inflation 0.55 -> /home/sim/VICA-smarthandle/vica_ws/results/matrix/vica_cornercourse/mppi_hybrid_infl0.55

##############################################################
 mppi + navfn   vica_cornercourse   폭 1.20
##############################################################
  controller 는 이미 mppi 입니다.
  planner    hybrid -> navfn
  colcon build 후 nav2 를 다시 띄워야 반영됩니다.
==============================================================
 mppi + navfn   inflation 0.55   레인 1.20   각 1회
 결과 /home/sim/VICA-smarthandle/vica_ws/results/matrix/vica_cornercourse/mppi_navfn_infl0.55
==============================================================
/home/sim/VICA-smarthandle/vica_ws/src/vica_description/scripts/width_sweep.sh: line 94: /proc/3980757/cmdline: No such file or directory
/home/sim/VICA-smarthandle/vica_ws/src/vica_description/scripts/width_sweep.sh: line 94: /proc/3982850/cmdline: No such file or directory
  --- 1.20 m  #1
  스테이지 검증 통과: 2026-09-02 22:20:34
  출발 위치 확인: AMCL 오차 0.01 m
                               진단 driving           plan 16건(0 빈것)  cmd 0 비율 0%  경로끝-목표 0.0 m  복구 0.0s -
    통과 위로 #1                   timeout   이동  4.14 m  남은거리  2.46 m  최소여유 0.46 m   34.6s
                               진단 driving           plan 147건(0 빈것)  cmd 0 비율 0%  경로끝-목표 0.0 m  복구 0.0s -
/home/sim/VICA-smarthandle/vica_ws/src/vica_description/scripts/width_sweep.sh: line 91: 3985244 Killed                  nohup ros2 launch vica_description vica_nav2_bringup.launch.py map:="$MAP" launch_rviz:=false > /tmp/vica_sweep_nav2.log 2>&1
/home/sim/VICA-smarthandle/vica_ws/src/vica_description/scripts/width_sweep.sh: line 94: /proc/3986766/cmdline: No such file or directory
/home/sim/VICA-smarthandle/vica_ws/src/vica_description/scripts/width_sweep.sh: line 94: /proc/3986808/cmdline: No such file or directory

=== 완료. mppi inflation 0.55 -> /home/sim/VICA-smarthandle/vica_ws/results/matrix/vica_cornercourse/mppi_navfn_infl0.55

##############################################################
 mppi + smac2d   vica_cornercourse   폭 1.20
##############################################################
  controller 는 이미 mppi 입니다.
  planner    navfn -> smac2d
  colcon build 후 nav2 를 다시 띄워야 반영됩니다.
==============================================================
 mppi + smac2d   inflation 0.55   레인 1.20   각 1회
 결과 /home/sim/VICA-smarthandle/vica_ws/results/matrix/vica_cornercourse/mppi_smac2d_infl0.55
==============================================================
/home/sim/VICA-smarthandle/vica_ws/src/vica_description/scripts/width_sweep.sh: line 94: /proc/3988878/cmdline: No such file or directory
  --- 1.20 m  #1
  스테이지 검증 통과: 2026-09-02 22:20:34
  출발 위치 확인: AMCL 오차 0.02 m
                               진단 driving           plan 15건(0 빈것)  cmd 0 비율 0%  경로끝-목표 0.01 m  복구 0.0s -
    통과 위로 #1                   timeout   이동  3.03 m  남은거리  3.24 m  최소여유 0.40 m   34.6s
                               진단 driving           plan 147건(0 빈것)  cmd 0 비율 0%  경로끝-목표 0.01 m  복구 0.0s -
/home/sim/VICA-smarthandle/vica_ws/src/vica_description/scripts/width_sweep.sh: line 91: 3991322 Killed                  nohup ros2 launch vica_description vica_nav2_bringup.launch.py map:="$MAP" launch_rviz:=false > /tmp/vica_sweep_nav2.log 2>&1
/home/sim/VICA-smarthandle/vica_ws/src/vica_description/scripts/width_sweep.sh: line 94: /proc/3992898/cmdline: No such file or directory

=== 완료. mppi inflation 0.55 -> /home/sim/VICA-smarthandle/vica_ws/results/matrix/vica_cornercourse/mppi_smac2d_infl0.55

##############################################################
 dwb + lattice   vica_avoidcourse   폭 1.20
##############################################################
  controller mppi -> dwb   smoother accel [2.5, 0.0, 3.2] decel [-1.25, 0.0, -3.2]
  planner    smac2d -> lattice
  colcon build 후 nav2 를 다시 띄워야 반영됩니다.
==============================================================
 dwb + lattice   inflation 0.55   레인 1.20   각 1회
 결과 /home/sim/VICA-smarthandle/vica_ws/results/matrix/vica_avoidcourse/dwb_lattice_infl0.55
==============================================================
/home/sim/VICA-smarthandle/vica_ws/src/vica_description/scripts/width_sweep.sh: line 94: /proc/3994977/cmdline: No such file or directory
  --- 1.20 m  #1
  스테이지 검증 통과: 2026-09-02 22:09:33
  출발 위치 확인: AMCL 오차 0.01 m
                               진단 driving           plan 32건(0 빈것)  cmd 0 비율 0%  경로끝-목표 0.0 m  복구 0.0s -
    통과 위로 #1                   timeout   이동  8.12 m  남은거리  0.81 m  최소여유 0.52 m   34.6s
                               진단 driving           plan 146건(0 빈것)  cmd 0 비율 29%  경로끝-목표 0.0 m  복구 0.0s -
/home/sim/VICA-smarthandle/vica_ws/src/vica_description/scripts/width_sweep.sh: line 94: /proc/3908105/cmdline: No such file or directory
/home/sim/VICA-smarthandle/vica_ws/src/vica_description/scripts/width_sweep.sh: line 94: /proc/3985931/cmdline: No such file or directory
/home/sim/VICA-smarthandle/vica_ws/src/vica_description/scripts/width_sweep.sh: line 91: 3997424 Killed                  nohup ros2 launch vica_description vica_nav2_bringup.launch.py map:="$MAP" launch_rviz:=false > /tmp/vica_sweep_nav2.log 2>&1
/home/sim/VICA-smarthandle/vica_ws/src/vica_description/scripts/width_sweep.sh: line 94: /proc/3999116/cmdline: No such file or directory

=== 완료. dwb inflation 0.55 -> /home/sim/VICA-smarthandle/vica_ws/results/matrix/vica_avoidcourse/dwb_lattice_infl0.55

##############################################################
 dwb + hybrid   vica_avoidcourse   폭 1.20
##############################################################
  controller 는 이미 dwb 입니다.
  planner    lattice -> hybrid
  colcon build 후 nav2 를 다시 띄워야 반영됩니다.
==============================================================
 dwb + hybrid   inflation 0.55   레인 1.20   각 1회
 결과 /home/sim/VICA-smarthandle/vica_ws/results/matrix/vica_avoidcourse/dwb_hybrid_infl0.55
==============================================================
/home/sim/VICA-smarthandle/vica_ws/src/vica_description/scripts/width_sweep.sh: line 94: /proc/4001205/cmdline: No such file or directory
  --- 1.20 m  #1
  스테이지 검증 통과: 2026-09-02 22:09:33
  출발 위치 확인: AMCL 오차 0.04 m
                               진단 driving           plan 38건(0 빈것)  cmd 0 비율 0%  경로끝-목표 0.0 m  복구 0.0s -
    통과 위로 #1                   reached   이동  8.65 m  남은거리  0.24 m  최소여유 0.56 m   25.0s
                               진단 driving           plan 107건(0 빈것)  cmd 0 비율 0%  경로끝-목표 0.0 m  복구 0.0s -
/home/sim/VICA-smarthandle/vica_ws/src/vica_description/scripts/width_sweep.sh: line 91: 4003606 Killed                  nohup ros2 launch vica_description vica_nav2_bringup.launch.py map:="$MAP" launch_rviz:=false > /tmp/vica_sweep_nav2.log 2>&1
/home/sim/VICA-smarthandle/vica_ws/src/vica_description/scripts/width_sweep.sh: line 94: /proc/4005004/cmdline: No such file or directory
/home/sim/VICA-smarthandle/vica_ws/src/vica_description/scripts/width_sweep.sh: line 94: /proc/4005034/cmdline: No such file or directory

=== 완료. dwb inflation 0.55 -> /home/sim/VICA-smarthandle/vica_ws/results/matrix/vica_avoidcourse/dwb_hybrid_infl0.55

##############################################################
 dwb + navfn   vica_avoidcourse   폭 1.20
##############################################################
  controller 는 이미 dwb 입니다.
  planner    hybrid -> navfn
  colcon build 후 nav2 를 다시 띄워야 반영됩니다.
==============================================================
 dwb + navfn   inflation 0.55   레인 1.20   각 1회
 결과 /home/sim/VICA-smarthandle/vica_ws/results/matrix/vica_avoidcourse/dwb_navfn_infl0.55
==============================================================
/home/sim/VICA-smarthandle/vica_ws/src/vica_description/scripts/width_sweep.sh: line 94: /proc/4005011/cmdline: No such file or directory
/home/sim/VICA-smarthandle/vica_ws/src/vica_description/scripts/width_sweep.sh: line 94: /proc/4007189/cmdline: No such file or directory
  --- 1.20 m  #1
  스테이지 검증 통과: 2026-09-02 22:09:33
  출발 위치 확인: AMCL 오차 0.01 m
                               진단 driving           plan 32건(0 빈것)  cmd 0 비율 0%  경로끝-목표 0.0 m  복구 0.0s -
    통과 위로 #1                   timeout   이동  4.42 m  남은거리  4.62 m  최소여유 0.53 m   34.3s
                               진단 driving           plan 147건(0 빈것)  cmd 0 비율 0%  경로끝-목표 0.0 m  복구 0.0s -
/home/sim/VICA-smarthandle/vica_ws/src/vica_description/scripts/width_sweep.sh: line 91: 4009654 Killed                  nohup ros2 launch vica_description vica_nav2_bringup.launch.py map:="$MAP" launch_rviz:=false > /tmp/vica_sweep_nav2.log 2>&1
/home/sim/VICA-smarthandle/vica_ws/src/vica_description/scripts/width_sweep.sh: line 94: /proc/4011213/cmdline: No such file or directory
/home/sim/VICA-smarthandle/vica_ws/src/vica_description/scripts/width_sweep.sh: line 94: /proc/4011329/cmdline: No such file or directory

=== 완료. dwb inflation 0.55 -> /home/sim/VICA-smarthandle/vica_ws/results/matrix/vica_avoidcourse/dwb_navfn_infl0.55

##############################################################
 dwb + smac2d   vica_avoidcourse   폭 1.20
##############################################################
  controller 는 이미 dwb 입니다.
  planner    navfn -> smac2d
  colcon build 후 nav2 를 다시 띄워야 반영됩니다.
==============================================================
 dwb + smac2d   inflation 0.55   레인 1.20   각 1회
 결과 /home/sim/VICA-smarthandle/vica_ws/results/matrix/vica_avoidcourse/dwb_smac2d_infl0.55
==============================================================
/home/sim/VICA-smarthandle/vica_ws/src/vica_description/scripts/width_sweep.sh: line 94: /proc/4013415/cmdline: No such file or directory
  --- 1.20 m  #1
  스테이지 검증 통과: 2026-09-02 22:09:33
  출발 위치 확인: AMCL 오차 0.02 m
                               진단 driving           plan 36건(0 빈것)  cmd 0 비율 0%  경로끝-목표 0.0 m  복구 0.0s -
    통과 위로 #1                   reached   이동  8.90 m  남은거리  0.24 m  최소여유 0.51 m   31.7s
                               진단 driving           plan 134건(0 빈것)  cmd 0 비율 0%  경로끝-목표 0.0 m  복구 0.0s -
/home/sim/VICA-smarthandle/vica_ws/src/vica_description/scripts/width_sweep.sh: line 94: /proc/4015734/cmdline: No such file or directory
/home/sim/VICA-smarthandle/vica_ws/src/vica_description/scripts/width_sweep.sh: line 91: 4015925 Killed                  nohup ros2 launch vica_description vica_nav2_bringup.launch.py map:="$MAP" launch_rviz:=false > /tmp/vica_sweep_nav2.log 2>&1
/home/sim/VICA-smarthandle/vica_ws/src/vica_description/scripts/width_sweep.sh: line 94: /proc/4017477/cmdline: No such file or directory
/home/sim/VICA-smarthandle/vica_ws/src/vica_description/scripts/width_sweep.sh: line 94: /proc/4017577/cmdline: No such file or directory

=== 완료. dwb inflation 0.55 -> /home/sim/VICA-smarthandle/vica_ws/results/matrix/vica_avoidcourse/dwb_smac2d_infl0.55

##############################################################
 rpp + lattice   vica_avoidcourse   폭 1.20
##############################################################
  controller dwb -> rpp   smoother accel [2.5, 0.0, 3.2] decel [-1.25, 0.0, -3.2]
  planner    smac2d -> lattice
  colcon build 후 nav2 를 다시 띄워야 반영됩니다.
==============================================================
 rpp + lattice   inflation 0.55   레인 1.20   각 1회
 결과 /home/sim/VICA-smarthandle/vica_ws/results/matrix/vica_avoidcourse/rpp_lattice_infl0.55
==============================================================
/home/sim/VICA-smarthandle/vica_ws/src/vica_description/scripts/width_sweep.sh: line 94: /proc/4017491/cmdline: No such file or directory
/home/sim/VICA-smarthandle/vica_ws/src/vica_description/scripts/width_sweep.sh: line 94: /proc/4019662/cmdline: No such file or directory
  --- 1.20 m  #1
  스테이지 검증 통과: 2026-09-02 22:09:33
  출발 위치 확인: AMCL 오차 0.01 m
                               진단 driving           plan 43건(0 빈것)  cmd 0 비율 0%  경로끝-목표 0.0 m  복구 0.0s -
    통과 위로 #1                   stuck     이동  3.23 m  남은거리  8.66 m  최소여유 0.44 m   32.9s
                               진단 driving           plan 130건(0 빈것)  cmd 0 비율 4%  경로끝-목표 0.0 m  복구 0.0s -
/home/sim/VICA-smarthandle/vica_ws/src/vica_description/scripts/width_sweep.sh: line 91: 4022029 Killed                  nohup ros2 launch vica_description vica_nav2_bringup.launch.py map:="$MAP" launch_rviz:=false > /tmp/vica_sweep_nav2.log 2>&1
/home/sim/VICA-smarthandle/vica_ws/src/vica_description/scripts/width_sweep.sh: line 94: /proc/4023717/cmdline: No such file or directory

=== 완료. rpp inflation 0.55 -> /home/sim/VICA-smarthandle/vica_ws/results/matrix/vica_avoidcourse/rpp_lattice_infl0.55

##############################################################
 rpp + hybrid   vica_avoidcourse   폭 1.20
##############################################################
  controller 는 이미 rpp 입니다.
  planner    lattice -> hybrid
  colcon build 후 nav2 를 다시 띄워야 반영됩니다.
==============================================================
 rpp + hybrid   inflation 0.55   레인 1.20   각 1회
 결과 /home/sim/VICA-smarthandle/vica_ws/results/matrix/vica_avoidcourse/rpp_hybrid_infl0.55
==============================================================
/home/sim/VICA-smarthandle/vica_ws/src/vica_description/scripts/width_sweep.sh: line 94: /proc/4025815/cmdline: No such file or directory
  --- 1.20 m  #1
  스테이지 검증 통과: 2026-09-02 22:09:33
  출발 위치 확인: AMCL 오차 0.01 m
                               진단 driving           plan 145건(0 빈것)  cmd 0 비율 0%  경로끝-목표 0.0 m  복구 0.0s -
    통과 위로 #1                   reached   이동  8.83 m  남은거리  0.29 m  최소여유 0.56 m   29.2s
                               진단 driving           plan 124건(0 빈것)  cmd 0 비율 35%  경로끝-목표 0.0 m  복구 0.0s -
/home/sim/VICA-smarthandle/vica_ws/src/vica_description/scripts/width_sweep.sh: line 91: 4028245 Killed                  nohup ros2 launch vica_description vica_nav2_bringup.launch.py map:="$MAP" launch_rviz:=false > /tmp/vica_sweep_nav2.log 2>&1
/home/sim/VICA-smarthandle/vica_ws/src/vica_description/scripts/width_sweep.sh: line 94: /proc/4030470/cmdline: No such file or directory
/home/sim/VICA-smarthandle/vica_ws/src/vica_description/scripts/width_sweep.sh: line 94: /proc/4030582/cmdline: No such file or directory

=== 완료. rpp inflation 0.55 -> /home/sim/VICA-smarthandle/vica_ws/results/matrix/vica_avoidcourse/rpp_hybrid_infl0.55

##############################################################
 rpp + navfn   vica_avoidcourse   폭 1.20
##############################################################
  controller 는 이미 rpp 입니다.
  planner    hybrid -> navfn
  colcon build 후 nav2 를 다시 띄워야 반영됩니다.
==============================================================
 rpp + navfn   inflation 0.55   레인 1.20   각 1회
 결과 /home/sim/VICA-smarthandle/vica_ws/results/matrix/vica_avoidcourse/rpp_navfn_infl0.55
==============================================================
/home/sim/VICA-smarthandle/vica_ws/src/vica_description/scripts/width_sweep.sh: line 94: /proc/4030483/cmdline: No such file or directory
/home/sim/VICA-smarthandle/vica_ws/src/vica_description/scripts/width_sweep.sh: line 94: /proc/4032692/cmdline: No such file or directory
  --- 1.20 m  #1
  스테이지 검증 통과: 2026-09-02 22:09:33
  출발 위치 확인: AMCL 오차 0.01 m
                               진단 driving           plan 34건(0 빈것)  cmd 0 비율 0%  경로끝-목표 0.0 m  복구 0.0s -
    통과 위로 #1                   timeout   이동  3.72 m  남은거리  5.36 m  최소여유 0.61 m   34.5s
                               진단 driving           plan 147건(0 빈것)  cmd 0 비율 77%  경로끝-목표 0.0 m  복구 0.0s -
/home/sim/VICA-smarthandle/vica_ws/src/vica_description/scripts/width_sweep.sh: line 91: 4035104 Killed                  nohup ros2 launch vica_description vica_nav2_bringup.launch.py map:="$MAP" launch_rviz:=false > /tmp/vica_sweep_nav2.log 2>&1
/home/sim/VICA-smarthandle/vica_ws/src/vica_description/scripts/width_sweep.sh: line 94: /proc/4037325/cmdline: No such file or directory
/home/sim/VICA-smarthandle/vica_ws/src/vica_description/scripts/width_sweep.sh: line 94: /proc/4037366/cmdline: No such file or directory

=== 완료. rpp inflation 0.55 -> /home/sim/VICA-smarthandle/vica_ws/results/matrix/vica_avoidcourse/rpp_navfn_infl0.55

##############################################################
 rpp + smac2d   vica_avoidcourse   폭 1.20
##############################################################
  controller 는 이미 rpp 입니다.
  planner    navfn -> smac2d
  colcon build 후 nav2 를 다시 띄워야 반영됩니다.
==============================================================
 rpp + smac2d   inflation 0.55   레인 1.20   각 1회
 결과 /home/sim/VICA-smarthandle/vica_ws/results/matrix/vica_avoidcourse/rpp_smac2d_infl0.55
==============================================================
/home/sim/VICA-smarthandle/vica_ws/src/vica_description/scripts/width_sweep.sh: line 94: /proc/4039535/cmdline: No such file or directory
  --- 1.20 m  #1
  스테이지 검증 통과: 2026-09-02 22:09:33
  출발 위치 확인: AMCL 오차 0.01 m
                               진단 driving           plan 33건(0 빈것)  cmd 0 비율 1%  경로끝-목표 0.0 m  복구 0.0s -
    통과 위로 #1                   timeout   이동  5.27 m  남은거리  3.84 m  최소여유 0.40 m   34.4s
                               진단 driving           plan 147건(0 빈것)  cmd 0 비율 32%  경로끝-목표 0.0 m  복구 0.0s -
/home/sim/VICA-smarthandle/vica_ws/src/vica_description/scripts/width_sweep.sh: line 94: /proc/4041613/cmdline: No such file or directory
/home/sim/VICA-smarthandle/vica_ws/src/vica_description/scripts/width_sweep.sh: line 94: /proc/4041871/cmdline: No such file or directory
/home/sim/VICA-smarthandle/vica_ws/src/vica_description/scripts/width_sweep.sh: line 91: 4042061 Killed                  nohup ros2 launch vica_description vica_nav2_bringup.launch.py map:="$MAP" launch_rviz:=false > /tmp/vica_sweep_nav2.log 2>&1
/home/sim/VICA-smarthandle/vica_ws/src/vica_description/scripts/width_sweep.sh: line 94: /proc/4043734/cmdline: No such file or directory

=== 완료. rpp inflation 0.55 -> /home/sim/VICA-smarthandle/vica_ws/results/matrix/vica_avoidcourse/rpp_smac2d_infl0.55

##############################################################
 mppi + lattice   vica_avoidcourse   폭 1.20
##############################################################
  controller rpp -> mppi   smoother accel [2.0, 0.0, 2.0] decel [-2.0, 0.0, -2.0]
  planner    smac2d -> lattice
  colcon build 후 nav2 를 다시 띄워야 반영됩니다.
==============================================================
 mppi + lattice   inflation 0.55   레인 1.20   각 1회
 결과 /home/sim/VICA-smarthandle/vica_ws/results/matrix/vica_avoidcourse/mppi_lattice_infl0.55
==============================================================
/home/sim/VICA-smarthandle/vica_ws/src/vica_description/scripts/width_sweep.sh: line 94: /proc/4043635/cmdline: No such file or directory
/home/sim/VICA-smarthandle/vica_ws/src/vica_description/scripts/width_sweep.sh: line 94: /proc/4045848/cmdline: No such file or directory
  --- 1.20 m  #1
  스테이지 검증 통과: 2026-09-02 22:09:33
  출발 위치 확인: AMCL 오차 0.01 m
                               진단 driving           plan 147건(0 빈것)  cmd 0 비율 0%  경로끝-목표 0.0 m  복구 0.0s -
    통과 위로 #1                   timeout   이동  0.00 m  남은거리  9.60 m  최소여유 1.94 m   34.4s
                               진단 driving           plan 147건(0 빈것)  cmd 0 비율 0%  경로끝-목표 0.0 m  복구 0.0s -
/home/sim/VICA-smarthandle/vica_ws/src/vica_description/scripts/width_sweep.sh: line 91: 4048292 Killed                  nohup ros2 launch vica_description vica_nav2_bringup.launch.py map:="$MAP" launch_rviz:=false > /tmp/vica_sweep_nav2.log 2>&1
/home/sim/VICA-smarthandle/vica_ws/src/vica_description/scripts/width_sweep.sh: line 94: /proc/4050655/cmdline: No such file or directory

=== 완료. mppi inflation 0.55 -> /home/sim/VICA-smarthandle/vica_ws/results/matrix/vica_avoidcourse/mppi_lattice_infl0.55

##############################################################
 mppi + hybrid   vica_avoidcourse   폭 1.20
##############################################################
  controller 는 이미 mppi 입니다.
  planner    lattice -> hybrid
  colcon build 후 nav2 를 다시 띄워야 반영됩니다.
==============================================================
 mppi + hybrid   inflation 0.55   레인 1.20   각 1회
 결과 /home/sim/VICA-smarthandle/vica_ws/results/matrix/vica_avoidcourse/mppi_hybrid_infl0.55
==============================================================
/home/sim/VICA-smarthandle/vica_ws/src/vica_description/scripts/width_sweep.sh: line 94: /proc/4052834/cmdline: No such file or directory
  --- 1.20 m  #1
  스테이지 검증 통과: 2026-09-02 22:09:33
  출발 위치 확인: AMCL 오차 0.02 m
                               진단 driving           plan 147건(0 빈것)  cmd 0 비율 1%  경로끝-목표 0.0 m  복구 0.0s -
    통과 위로 #1                   timeout   이동  0.98 m  남은거리  8.64 m  최소여유 1.06 m   34.5s
                               진단 driving           plan 147건(0 빈것)  cmd 0 비율 0%  경로끝-목표 0.0 m  복구 0.0s -
/home/sim/VICA-smarthandle/vica_ws/src/vica_description/scripts/width_sweep.sh: line 91: 4055214 Killed                  nohup ros2 launch vica_description vica_nav2_bringup.launch.py map:="$MAP" launch_rviz:=false > /tmp/vica_sweep_nav2.log 2>&1
/home/sim/VICA-smarthandle/vica_ws/src/vica_description/scripts/width_sweep.sh: line 94: /proc/4057538/cmdline: No such file or directory
/home/sim/VICA-smarthandle/vica_ws/src/vica_description/scripts/width_sweep.sh: line 94: /proc/4057552/cmdline: No such file or directory
/home/sim/VICA-smarthandle/vica_ws/src/vica_description/scripts/width_sweep.sh: line 94: /proc/4057576/cmdline: No such file or directory

=== 완료. mppi inflation 0.55 -> /home/sim/VICA-smarthandle/vica_ws/results/matrix/vica_avoidcourse/mppi_hybrid_infl0.55

##############################################################
 mppi + navfn   vica_avoidcourse   폭 1.20
##############################################################
  controller 는 이미 mppi 입니다.
  planner    hybrid -> navfn
  colcon build 후 nav2 를 다시 띄워야 반영됩니다.
==============================================================
 mppi + navfn   inflation 0.55   레인 1.20   각 1회
 결과 /home/sim/VICA-smarthandle/vica_ws/results/matrix/vica_avoidcourse/mppi_navfn_infl0.55
==============================================================
/home/sim/VICA-smarthandle/vica_ws/src/vica_description/scripts/width_sweep.sh: line 94: /proc/4059687/cmdline: No such file or directory
  --- 1.20 m  #1
  스테이지 검증 통과: 2026-09-02 22:09:33
  출발 위치 확인: AMCL 오차 0.04 m
                               진단 driving           plan 147건(0 빈것)  cmd 0 비율 0%  경로끝-목표 0.0 m  복구 0.0s -
    통과 위로 #1                   timeout   이동  0.00 m  남은거리  9.56 m  최소여유 1.94 m   34.3s
                               진단 driving           plan 147건(0 빈것)  cmd 0 비율 0%  경로끝-목표 0.0 m  복구 0.0s -
/home/sim/VICA-smarthandle/vica_ws/src/vica_description/scripts/width_sweep.sh: line 91: 4062149 Killed                  nohup ros2 launch vica_description vica_nav2_bringup.launch.py map:="$MAP" launch_rviz:=false > /tmp/vica_sweep_nav2.log 2>&1
/home/sim/VICA-smarthandle/vica_ws/src/vica_description/scripts/width_sweep.sh: line 94: /proc/4064384/cmdline: No such file or directory
/home/sim/VICA-smarthandle/vica_ws/src/vica_description/scripts/width_sweep.sh: line 94: /proc/4064504/cmdline: No such file or directory

=== 완료. mppi inflation 0.55 -> /home/sim/VICA-smarthandle/vica_ws/results/matrix/vica_avoidcourse/mppi_navfn_infl0.55

##############################################################
 mppi + smac2d   vica_avoidcourse   폭 1.20
##############################################################
  controller 는 이미 mppi 입니다.
  planner    navfn -> smac2d
  colcon build 후 nav2 를 다시 띄워야 반영됩니다.
==============================================================
 mppi + smac2d   inflation 0.55   레인 1.20   각 1회
 결과 /home/sim/VICA-smarthandle/vica_ws/results/matrix/vica_avoidcourse/mppi_smac2d_infl0.55
==============================================================
/home/sim/VICA-smarthandle/vica_ws/src/vica_description/scripts/width_sweep.sh: line 94: /proc/4066602/cmdline: No such file or directory
  --- 1.20 m  #1
  스테이지 검증 통과: 2026-09-02 22:09:33
  출발 위치 확인: AMCL 오차 0.01 m
                               진단 driving           plan 147건(0 빈것)  cmd 0 비율 0%  경로끝-목표 0.0 m  복구 0.0s -
    통과 위로 #1                   timeout   이동  0.00 m  남은거리  9.59 m  최소여유 1.94 m   34.4s
                               진단 driving           plan 147건(0 빈것)  cmd 0 비율 0%  경로끝-목표 0.0 m  복구 0.0s -
/home/sim/VICA-smarthandle/vica_ws/src/vica_description/scripts/width_sweep.sh: line 91: 4069136 Killed                  nohup ros2 launch vica_description vica_nav2_bringup.launch.py map:="$MAP" launch_rviz:=false > /tmp/vica_sweep_nav2.log 2>&1
/home/sim/VICA-smarthandle/vica_ws/src/vica_description/scripts/width_sweep.sh: line 94: /proc/4071450/cmdline: No such file or directory
/home/sim/VICA-smarthandle/vica_ws/src/vica_description/scripts/width_sweep.sh: line 94: /proc/4071466/cmdline: No such file or directory
/home/sim/VICA-smarthandle/vica_ws/src/vica_description/scripts/width_sweep.sh: line 94: /proc/4071488/cmdline: No such file or directory

=== 완료. mppi inflation 0.55 -> /home/sim/VICA-smarthandle/vica_ws/results/matrix/vica_avoidcourse/mppi_smac2d_infl0.55

##############################################################
 dwb + lattice   vica_uturncourse   폭 1.20
##############################################################
  controller mppi -> dwb   smoother accel [2.5, 0.0, 3.2] decel [-1.25, 0.0, -3.2]
  planner    smac2d -> lattice
  colcon build 후 nav2 를 다시 띄워야 반영됩니다.
==============================================================
 dwb + lattice   inflation 0.55   레인 1.20   각 1회
 결과 /home/sim/VICA-smarthandle/vica_ws/results/matrix/vica_uturncourse/dwb_lattice_infl0.55
==============================================================
/home/sim/VICA-smarthandle/vica_ws/src/vica_description/scripts/width_sweep.sh: line 94: /proc/4071470/cmdline: No such file or directory
/home/sim/VICA-smarthandle/vica_ws/src/vica_description/scripts/width_sweep.sh: line 94: /proc/4073599/cmdline: No such file or directory
  --- 1.20 m  #1
  스테이지 검증 통과: 2026-09-02 22:10:22
  출발 위치 확인: AMCL 오차 0.02 m
                               진단 driving           plan 15건(0 빈것)  cmd 0 비율 0%  경로끝-목표 0.0 m  복구 0.0s -
    통과 위로 #1                   timeout   이동  0.00 m  남은거리  3.99 m  최소여유 0.57 m   34.2s
                               진단 driving           plan 147건(0 빈것)  cmd 0 비율 0%  경로끝-목표 0.0 m  복구 0.0s -
/home/sim/VICA-smarthandle/vica_ws/src/vica_description/scripts/width_sweep.sh: line 91: 4076090 Killed                  nohup ros2 launch vica_description vica_nav2_bringup.launch.py map:="$MAP" launch_rviz:=false > /tmp/vica_sweep_nav2.log 2>&1
/home/sim/VICA-smarthandle/vica_ws/src/vica_description/scripts/width_sweep.sh: line 94: /proc/4077616/cmdline: No such file or directory
/home/sim/VICA-smarthandle/vica_ws/src/vica_description/scripts/width_sweep.sh: line 94: /proc/4077655/cmdline: No such file or directory

=== 완료. dwb inflation 0.55 -> /home/sim/VICA-smarthandle/vica_ws/results/matrix/vica_uturncourse/dwb_lattice_infl0.55

##############################################################
 dwb + hybrid   vica_uturncourse   폭 1.20
##############################################################
  controller 는 이미 dwb 입니다.
  planner    lattice -> hybrid
  colcon build 후 nav2 를 다시 띄워야 반영됩니다.
==============================================================
 dwb + hybrid   inflation 0.55   레인 1.20   각 1회
 결과 /home/sim/VICA-smarthandle/vica_ws/results/matrix/vica_uturncourse/dwb_hybrid_infl0.55
==============================================================
/home/sim/VICA-smarthandle/vica_ws/src/vica_description/scripts/width_sweep.sh: line 94: /proc/4077648/cmdline: No such file or directory
/home/sim/VICA-smarthandle/vica_ws/src/vica_description/scripts/width_sweep.sh: line 94: /proc/4079834/cmdline: No such file or directory
  --- 1.20 m  #1
  스테이지 검증 통과: 2026-09-02 22:10:22
  출발 위치 확인: AMCL 오차 0.02 m
                               진단 bt-recovery       plan 11건(0 빈것)  cmd 0 비율 0%  경로끝-목표 0.0 m  복구 132.1s Spin
    통과 위로 #1                   reached   이동  3.85 m  남은거리  0.14 m  최소여유 0.52 m   29.5s
                               진단 bt-recovery       plan 59건(0 빈것)  cmd 0 비율 0%  경로끝-목표 0.0 m  복구 65.6s Spin
/home/sim/VICA-smarthandle/vica_ws/src/vica_description/scripts/width_sweep.sh: line 94: /proc/4043216/cmdline: No such file or directory
/home/sim/VICA-smarthandle/vica_ws/src/vica_description/scripts/width_sweep.sh: line 94: /proc/4071279/cmdline: No such file or directory
/home/sim/VICA-smarthandle/vica_ws/src/vica_description/scripts/width_sweep.sh: line 91: 4082246 Killed                  nohup ros2 launch vica_description vica_nav2_bringup.launch.py map:="$MAP" launch_rviz:=false > /tmp/vica_sweep_nav2.log 2>&1
/home/sim/VICA-smarthandle/vica_ws/src/vica_description/scripts/width_sweep.sh: line 94: /proc/4084264/cmdline: No such file or directory

=== 완료. dwb inflation 0.55 -> /home/sim/VICA-smarthandle/vica_ws/results/matrix/vica_uturncourse/dwb_hybrid_infl0.55

##############################################################
 dwb + navfn   vica_uturncourse   폭 1.20
##############################################################
  controller 는 이미 dwb 입니다.
  planner    hybrid -> navfn
  colcon build 후 nav2 를 다시 띄워야 반영됩니다.
==============================================================
 dwb + navfn   inflation 0.55   레인 1.20   각 1회
 결과 /home/sim/VICA-smarthandle/vica_ws/results/matrix/vica_uturncourse/dwb_navfn_infl0.55
==============================================================
/home/sim/VICA-smarthandle/vica_ws/src/vica_description/scripts/width_sweep.sh: line 94: /proc/4086382/cmdline: No such file or directory
  --- 1.20 m  #1
  스테이지 검증 통과: 2026-09-02 22:10:22
  출발 위치 확인: AMCL 오차 0.02 m
                               진단 driving           plan 16건(0 빈것)  cmd 0 비율 0%  경로끝-목표 0.0 m  복구 0.0s -
    통과 위로 #1                   timeout   이동  0.00 m  남은거리  3.96 m  최소여유 0.58 m   34.1s
                               진단 driving           plan 147건(0 빈것)  cmd 0 비율 0%  경로끝-목표 0.0 m  복구 0.0s -
/home/sim/VICA-smarthandle/vica_ws/src/vica_description/scripts/width_sweep.sh: line 91: 4088876 Killed                  nohup ros2 launch vica_description vica_nav2_bringup.launch.py map:="$MAP" launch_rviz:=false > /tmp/vica_sweep_nav2.log 2>&1
/home/sim/VICA-smarthandle/vica_ws/src/vica_description/scripts/width_sweep.sh: line 94: /proc/4090406/cmdline: No such file or directory
/home/sim/VICA-smarthandle/vica_ws/src/vica_description/scripts/width_sweep.sh: line 94: /proc/4090445/cmdline: No such file or directory

=== 완료. dwb inflation 0.55 -> /home/sim/VICA-smarthandle/vica_ws/results/matrix/vica_uturncourse/dwb_navfn_infl0.55

##############################################################
 dwb + smac2d   vica_uturncourse   폭 1.20
##############################################################
  controller 는 이미 dwb 입니다.
  planner    navfn -> smac2d
  colcon build 후 nav2 를 다시 띄워야 반영됩니다.
==============================================================
 dwb + smac2d   inflation 0.55   레인 1.20   각 1회
 결과 /home/sim/VICA-smarthandle/vica_ws/results/matrix/vica_uturncourse/dwb_smac2d_infl0.55
==============================================================
/home/sim/VICA-smarthandle/vica_ws/src/vica_description/scripts/width_sweep.sh: line 94: /proc/4092668/cmdline: No such file or directory
  --- 1.20 m  #1
  스테이지 검증 통과: 2026-09-02 22:10:22
  출발 위치 확인: AMCL 오차 0.02 m
                               진단 driving           plan 16건(0 빈것)  cmd 0 비율 0%  경로끝-목표 0.0 m  복구 0.0s -
    통과 위로 #1                   timeout   이동  0.00 m  남은거리  4.01 m  최소여유 0.57 m   33.9s
                               진단 driving           plan 147건(0 빈것)  cmd 0 비율 0%  경로끝-목표 0.0 m  복구 0.0s -
/home/sim/VICA-smarthandle/vica_ws/src/vica_description/scripts/width_sweep.sh: line 91: 4095060 Killed                  nohup ros2 launch vica_description vica_nav2_bringup.launch.py map:="$MAP" launch_rviz:=false > /tmp/vica_sweep_nav2.log 2>&1
/home/sim/VICA-smarthandle/vica_ws/src/vica_description/scripts/width_sweep.sh: line 94: /proc/4096622/cmdline: No such file or directory

=== 완료. dwb inflation 0.55 -> /home/sim/VICA-smarthandle/vica_ws/results/matrix/vica_uturncourse/dwb_smac2d_infl0.55

##############################################################
 rpp + lattice   vica_uturncourse   폭 1.20
##############################################################
  controller dwb -> rpp   smoother accel [2.5, 0.0, 3.2] decel [-1.25, 0.0, -3.2]
  planner    smac2d -> lattice
  colcon build 후 nav2 를 다시 띄워야 반영됩니다.
==============================================================
 rpp + lattice   inflation 0.55   레인 1.20   각 1회
 결과 /home/sim/VICA-smarthandle/vica_ws/results/matrix/vica_uturncourse/rpp_lattice_infl0.55
==============================================================
  --- 1.20 m  #1
  스테이지 검증 통과: 2026-09-02 22:10:22
  출발 위치 확인: AMCL 오차 0.01 m
                               진단 driving           plan 8건(0 빈것)  cmd 0 비율 1%  경로끝-목표 0.0 m  복구 0.0s -
    통과 위로 #1                   timeout   이동  0.20 m  남은거리  4.01 m  최소여유 0.56 m   34.1s
                               진단 driving           plan 147건(0 빈것)  cmd 0 비율 0%  경로끝-목표 0.0 m  복구 0.0s -
/home/sim/VICA-smarthandle/vica_ws/src/vica_description/scripts/width_sweep.sh: line 91: 4101262 Killed                  nohup ros2 launch vica_description vica_nav2_bringup.launch.py map:="$MAP" launch_rviz:=false > /tmp/vica_sweep_nav2.log 2>&1
/home/sim/VICA-smarthandle/vica_ws/src/vica_description/scripts/width_sweep.sh: line 94: /proc/4102959/cmdline: No such file or directory

=== 완료. rpp inflation 0.55 -> /home/sim/VICA-smarthandle/vica_ws/results/matrix/vica_uturncourse/rpp_lattice_infl0.55

##############################################################
 rpp + hybrid   vica_uturncourse   폭 1.20
##############################################################
  controller 는 이미 rpp 입니다.
  planner    lattice -> hybrid
  colcon build 후 nav2 를 다시 띄워야 반영됩니다.
==============================================================
 rpp + hybrid   inflation 0.55   레인 1.20   각 1회
 결과 /home/sim/VICA-smarthandle/vica_ws/results/matrix/vica_uturncourse/rpp_hybrid_infl0.55
==============================================================
/home/sim/VICA-smarthandle/vica_ws/src/vica_description/scripts/width_sweep.sh: line 94: /proc/4105096/cmdline: No such file or directory
  --- 1.20 m  #1
  스테이지 검증 통과: 2026-09-02 22:10:22
  출발 위치 확인: AMCL 오차 0.02 m
                               진단 driving           plan 7건(0 빈것)  cmd 0 비율 1%  경로끝-목표 0.0 m  복구 0.0s -
    통과 위로 #1                   timeout   이동  0.15 m  남은거리  3.97 m  최소여유 0.54 m   33.8s
                               진단 planner-fail      plan 0건(0 빈것)  cmd 0 비율 0%  경로끝-목표 None m  복구 142.5s Spin
/home/sim/VICA-smarthandle/vica_ws/src/vica_description/scripts/width_sweep.sh: line 91: 4107581 Killed                  nohup ros2 launch vica_description vica_nav2_bringup.launch.py map:="$MAP" launch_rviz:=false > /tmp/vica_sweep_nav2.log 2>&1
/home/sim/VICA-smarthandle/vica_ws/src/vica_description/scripts/width_sweep.sh: line 94: /proc/4109010/cmdline: No such file or directory

=== 완료. rpp inflation 0.55 -> /home/sim/VICA-smarthandle/vica_ws/results/matrix/vica_uturncourse/rpp_hybrid_infl0.55

##############################################################
 rpp + navfn   vica_uturncourse   폭 1.20
##############################################################
  controller 는 이미 rpp 입니다.
  planner    hybrid -> navfn
  colcon build 후 nav2 를 다시 띄워야 반영됩니다.
==============================================================
 rpp + navfn   inflation 0.55   레인 1.20   각 1회
 결과 /home/sim/VICA-smarthandle/vica_ws/results/matrix/vica_uturncourse/rpp_navfn_infl0.55
==============================================================
/home/sim/VICA-smarthandle/vica_ws/src/vica_description/scripts/width_sweep.sh: line 94: /proc/4109004/cmdline: No such file or directory
/home/sim/VICA-smarthandle/vica_ws/src/vica_description/scripts/width_sweep.sh: line 94: /proc/4111157/cmdline: No such file or directory
  --- 1.20 m  #1
  스테이지 검증 통과: 2026-09-02 22:10:22
  출발 위치 확인: AMCL 오차 0.01 m
                               진단 driving           plan 8건(0 빈것)  cmd 0 비율 1%  경로끝-목표 0.0 m  복구 0.0s -
    통과 위로 #1                   timeout   이동  0.26 m  남은거리  3.82 m  최소여유 0.46 m   34.1s
                               진단 driving           plan 147건(0 빈것)  cmd 0 비율 31%  경로끝-목표 0.0 m  복구 0.0s -
/home/sim/VICA-smarthandle/vica_ws/src/vica_description/scripts/width_sweep.sh: line 91: 4113646 Killed                  nohup ros2 launch vica_description vica_nav2_bringup.launch.py map:="$MAP" launch_rviz:=false > /tmp/vica_sweep_nav2.log 2>&1
/home/sim/VICA-smarthandle/vica_ws/src/vica_description/scripts/width_sweep.sh: line 94: /proc/4115159/cmdline: No such file or directory
/home/sim/VICA-smarthandle/vica_ws/src/vica_description/scripts/width_sweep.sh: line 94: /proc/4115190/cmdline: No such file or directory

=== 완료. rpp inflation 0.55 -> /home/sim/VICA-smarthandle/vica_ws/results/matrix/vica_uturncourse/rpp_navfn_infl0.55

##############################################################
 rpp + smac2d   vica_uturncourse   폭 1.20
##############################################################
  controller 는 이미 rpp 입니다.
  planner    navfn -> smac2d
  colcon build 후 nav2 를 다시 띄워야 반영됩니다.
==============================================================
 rpp + smac2d   inflation 0.55   레인 1.20   각 1회
 결과 /home/sim/VICA-smarthandle/vica_ws/results/matrix/vica_uturncourse/rpp_smac2d_infl0.55
==============================================================
/home/sim/VICA-smarthandle/vica_ws/src/vica_description/scripts/width_sweep.sh: line 94: /proc/4115167/cmdline: No such file or directory
/home/sim/VICA-smarthandle/vica_ws/src/vica_description/scripts/width_sweep.sh: line 94: /proc/4115185/cmdline: No such file or directory
/home/sim/VICA-smarthandle/vica_ws/src/vica_description/scripts/width_sweep.sh: line 94: /proc/4117332/cmdline: No such file or directory
  --- 1.20 m  #1
  스테이지 검증 통과: 2026-09-02 22:10:22
  출발 위치 확인: AMCL 오차 0.03 m
                               진단 driving           plan 8건(0 빈것)  cmd 0 비율 1%  경로끝-목표 0.0 m  복구 0.0s -
    통과 위로 #1                   timeout   이동  0.34 m  남은거리  3.64 m  최소여유 0.47 m   33.9s
                               진단 driving           plan 147건(0 빈것)  cmd 0 비율 36%  경로끝-목표 0.0 m  복구 0.0s -
/home/sim/VICA-smarthandle/vica_ws/src/vica_description/scripts/width_sweep.sh: line 91: 4119885 Killed                  nohup ros2 launch vica_description vica_nav2_bringup.launch.py map:="$MAP" launch_rviz:=false > /tmp/vica_sweep_nav2.log 2>&1
/home/sim/VICA-smarthandle/vica_ws/src/vica_description/scripts/width_sweep.sh: line 94: /proc/4121500/cmdline: No such file or directory
/home/sim/VICA-smarthandle/vica_ws/src/vica_description/scripts/width_sweep.sh: line 94: /proc/4121528/cmdline: No such file or directory

=== 완료. rpp inflation 0.55 -> /home/sim/VICA-smarthandle/vica_ws/results/matrix/vica_uturncourse/rpp_smac2d_infl0.55

##############################################################
 mppi + lattice   vica_uturncourse   폭 1.20
##############################################################
  controller rpp -> mppi   smoother accel [2.0, 0.0, 2.0] decel [-2.0, 0.0, -2.0]
  planner    smac2d -> lattice
  colcon build 후 nav2 를 다시 띄워야 반영됩니다.
==============================================================
 mppi + lattice   inflation 0.55   레인 1.20   각 1회
 결과 /home/sim/VICA-smarthandle/vica_ws/results/matrix/vica_uturncourse/mppi_lattice_infl0.55
==============================================================
/home/sim/VICA-smarthandle/vica_ws/src/vica_description/scripts/width_sweep.sh: line 94: /proc/4121519/cmdline: No such file or directory
/home/sim/VICA-smarthandle/vica_ws/src/vica_description/scripts/width_sweep.sh: line 94: /proc/4123751/cmdline: No such file or directory
  --- 1.20 m  #1
  스테이지 검증 통과: 2026-09-02 22:10:22
  출발 위치 확인: AMCL 오차 0.01 m
                               진단 driving           plan 16건(0 빈것)  cmd 0 비율 0%  경로끝-목표 0.0 m  복구 0.0s -
    통과 위로 #1                   timeout   이동  0.08 m  남은거리  4.24 m  최소여유 0.56 m   33.9s
                               진단 driving           plan 147건(0 빈것)  cmd 0 비율 0%  경로끝-목표 0.0 m  복구 0.0s -
/home/sim/VICA-smarthandle/vica_ws/src/vica_description/scripts/width_sweep.sh: line 91: 4126311 Killed                  nohup ros2 launch vica_description vica_nav2_bringup.launch.py map:="$MAP" launch_rviz:=false > /tmp/vica_sweep_nav2.log 2>&1
/home/sim/VICA-smarthandle/vica_ws/src/vica_description/scripts/width_sweep.sh: line 94: /proc/4127830/cmdline: No such file or directory
/home/sim/VICA-smarthandle/vica_ws/src/vica_description/scripts/width_sweep.sh: line 94: /proc/4127857/cmdline: No such file or directory

=== 완료. mppi inflation 0.55 -> /home/sim/VICA-smarthandle/vica_ws/results/matrix/vica_uturncourse/mppi_lattice_infl0.55

##############################################################
 mppi + hybrid   vica_uturncourse   폭 1.20
##############################################################
  controller 는 이미 mppi 입니다.
  planner    lattice -> hybrid
  colcon build 후 nav2 를 다시 띄워야 반영됩니다.
==============================================================
 mppi + hybrid   inflation 0.55   레인 1.20   각 1회
 결과 /home/sim/VICA-smarthandle/vica_ws/results/matrix/vica_uturncourse/mppi_hybrid_infl0.55
==============================================================
/home/sim/VICA-smarthandle/vica_ws/src/vica_description/scripts/width_sweep.sh: line 94: /proc/4127837/cmdline: No such file or directory
/home/sim/VICA-smarthandle/vica_ws/src/vica_description/scripts/width_sweep.sh: line 94: /proc/4127850/cmdline: No such file or directory
/home/sim/VICA-smarthandle/vica_ws/src/vica_description/scripts/width_sweep.sh: line 94: /proc/4130017/cmdline: No such file or directory
  1.20 #1  nav2 가 뜨지 않음 -- 기록하고 넘어감
/home/sim/VICA-smarthandle/vica_ws/src/vica_description/scripts/width_sweep.sh: line 94: /proc/4132457/cmdline: No such file or directory
/home/sim/VICA-smarthandle/vica_ws/src/vica_description/scripts/width_sweep.sh: line 91: 4132516 Killed                  nohup ros2 launch vica_description vica_nav2_bringup.launch.py map:="$MAP" launch_rviz:=false > /tmp/vica_sweep_nav2.log 2>&1
/home/sim/VICA-smarthandle/vica_ws/src/vica_description/scripts/width_sweep.sh: line 94: /proc/4134323/cmdline: No such file or directory

=== 완료. mppi inflation 0.55 -> /home/sim/VICA-smarthandle/vica_ws/results/matrix/vica_uturncourse/mppi_hybrid_infl0.55

##############################################################
 mppi + navfn   vica_uturncourse   폭 1.20
##############################################################
  controller 는 이미 mppi 입니다.
  planner    hybrid -> navfn
  colcon build 후 nav2 를 다시 띄워야 반영됩니다.
==============================================================
 mppi + navfn   inflation 0.55   레인 1.20   각 1회
 결과 /home/sim/VICA-smarthandle/vica_ws/results/matrix/vica_uturncourse/mppi_navfn_infl0.55
==============================================================
/home/sim/VICA-smarthandle/vica_ws/src/vica_description/scripts/width_sweep.sh: line 94: /proc/4136501/cmdline: No such file or directory
  --- 1.20 m  #1
  스테이지 검증 통과: 2026-09-02 22:10:22
  출발 위치 확인: AMCL 오차 0.03 m
                               진단 driving           plan 18건(0 빈것)  cmd 0 비율 0%  경로끝-목표 0.0 m  복구 0.0s -
    통과 위로 #1                   timeout   이동  0.06 m  남은거리  4.22 m  최소여유 0.57 m   33.4s
                               진단 driving           plan 147건(0 빈것)  cmd 0 비율 0%  경로끝-목표 0.0 m  복구 0.0s -
/home/sim/VICA-smarthandle/vica_ws/src/vica_description/scripts/width_sweep.sh: line 91: 4138984 Killed                  nohup ros2 launch vica_description vica_nav2_bringup.launch.py map:="$MAP" launch_rviz:=false > /tmp/vica_sweep_nav2.log 2>&1
/home/sim/VICA-smarthandle/vica_ws/src/vica_description/scripts/width_sweep.sh: line 94: /proc/4140528/cmdline: No such file or directory
/home/sim/VICA-smarthandle/vica_ws/src/vica_description/scripts/width_sweep.sh: line 94: /proc/4140566/cmdline: No such file or directory

=== 완료. mppi inflation 0.55 -> /home/sim/VICA-smarthandle/vica_ws/results/matrix/vica_uturncourse/mppi_navfn_infl0.55

##############################################################
 mppi + smac2d   vica_uturncourse   폭 1.20
##############################################################
  controller 는 이미 mppi 입니다.
  planner    navfn -> smac2d
  colcon build 후 nav2 를 다시 띄워야 반영됩니다.
==============================================================
 mppi + smac2d   inflation 0.55   레인 1.20   각 1회
 결과 /home/sim/VICA-smarthandle/vica_ws/results/matrix/vica_uturncourse/mppi_smac2d_infl0.55
==============================================================
/home/sim/VICA-smarthandle/vica_ws/src/vica_description/scripts/width_sweep.sh: line 94: /proc/4142731/cmdline: No such file or directory
  --- 1.20 m  #1
  스테이지 검증 통과: 2026-09-02 22:10:22
  출발 위치 확인: AMCL 오차 0.01 m
                               진단 driving           plan 18건(0 빈것)  cmd 0 비율 0%  경로끝-목표 0.0 m  복구 0.0s -
    통과 위로 #1                   timeout   이동  0.00 m  남은거리  4.21 m  최소여유 0.58 m   33.5s
                               진단 driving           plan 147건(0 빈것)  cmd 0 비율 0%  경로끝-목표 0.0 m  복구 0.0s -
/home/sim/VICA-smarthandle/vica_ws/src/vica_description/scripts/width_sweep.sh: line 91: 4145248 Killed                  nohup ros2 launch vica_description vica_nav2_bringup.launch.py map:="$MAP" launch_rviz:=false > /tmp/vica_sweep_nav2.log 2>&1
/home/sim/VICA-smarthandle/vica_ws/src/vica_description/scripts/width_sweep.sh: line 94: /proc/4146823/cmdline: No such file or directory

=== 완료. mppi inflation 0.55 -> /home/sim/VICA-smarthandle/vica_ws/results/matrix/vica_uturncourse/mppi_smac2d_infl0.55

==============================================================
 끝. 결과 /home/sim/VICA-smarthandle/vica_ws/results/matrix
 요약:  python3 /home/sim/VICA-smarthandle/vica_ws/src/vica_description/scripts/matrix_report.py /home/sim/VICA-smarthandle/vica_ws/results/matrix
==============================================================
