  controller mppi -> dwb   smoother accel [2.5, 0.0, 3.2] decel [-1.25, 0.0, -3.2]
  planner    hybrid -> navfn
  colcon build 후 nav2 를 다시 띄워야 반영됩니다.
==============================================================
 동적 장애물  코스 vica_dynamiccourse  dwb + navfn  보행자 1.2 m/s
 등장거리 6.0 4.0 3.0 2.0 1.5   각 1회
 결과 /home/sim/VICA-smarthandle/vica_ws/results/obstacle/dwb_navfn
==============================================================

  --- 등장거리 6.0 m  #1
obstacle_sweep.sh: line 85: /proc/3885430/cmdline: No such file or directory
  timeout, 3601 표본 -> /home/sim/VICA-smarthandle/vica_ws/results/obstacle/dwb_navfn/trigger_6.0_r1.csv

  --- 등장거리 4.0 m  #1
obstacle_sweep.sh: line 82: 3887999 Killed                  nohup ros2 launch vica_description vica_nav2_bringup.launch.py map:="$MAP" launch_rviz:=false > /tmp/vica_obstacle_nav2.log 2>&1
obstacle_sweep.sh: line 85: /proc/3889706/cmdline: No such file or directory
obstacle_sweep.sh: line 85: /proc/3889731/cmdline: No such file or directory
  timeout, 3601 표본 -> /home/sim/VICA-smarthandle/vica_ws/results/obstacle/dwb_navfn/trigger_4.0_r1.csv

  --- 등장거리 3.0 m  #1
obstacle_sweep.sh: line 82: 3892446 Killed                  nohup ros2 launch vica_description vica_nav2_bringup.launch.py map:="$MAP" launch_rviz:=false > /tmp/vica_obstacle_nav2.log 2>&1
obstacle_sweep.sh: line 85: /proc/3894174/cmdline: No such file or directory
  timeout, 3601 표본 -> /home/sim/VICA-smarthandle/vica_ws/results/obstacle/dwb_navfn/trigger_3.0_r1.csv

  --- 등장거리 2.0 m  #1
obstacle_sweep.sh: line 82: 3896838 Killed                  nohup ros2 launch vica_description vica_nav2_bringup.launch.py map:="$MAP" launch_rviz:=false > /tmp/vica_obstacle_nav2.log 2>&1
obstacle_sweep.sh: line 85: /proc/3898748/cmdline: No such file or directory
obstacle_sweep.sh: line 85: /proc/3898784/cmdline: No such file or directory
    nav2 가 뜨지 않았습니다 -- 건너뜁니다

  --- 등장거리 1.5 m  #1
obstacle_sweep.sh: line 85: /proc/3903782/cmdline: No such file or directory
obstacle_sweep.sh: line 82: 3903810 Killed                  nohup ros2 launch vica_description vica_nav2_bringup.launch.py map:="$MAP" launch_rviz:=false > /tmp/vica_obstacle_nav2.log 2>&1
obstacle_sweep.sh: line 85: /proc/3905693/cmdline: No such file or directory
obstacle_sweep.sh: line 85: /proc/3905695/cmdline: No such file or directory
obstacle_sweep.sh: line 85: /proc/3905742/cmdline: No such file or directory
obstacle_sweep.sh: line 121: 3910782 Killed                  nohup ros2 launch vica_description vica_nav2_bringup.launch.py map:="$MAP" launch_rviz:=false > /tmp/vica_obstacle_nav2.log 2>&1
  failed, 1 표본 -> /home/sim/VICA-smarthandle/vica_ws/results/obstacle/dwb_navfn/trigger_1.5_r1.csv
obstacle_sweep.sh: line 85: /proc/3914498/cmdline: No such file or directory

=== 완료. 표를 보려면:
    ros2 run vica_description obstacle_report /home/sim/VICA-smarthandle/vica_ws/results/obstacle/dwb_navfn
