  planner 는 이미 hybrid 입니다.
  controller mppi -> dwb   smoother accel [2.5, 0.0, 3.2] decel [-1.25, 0.0, -3.2]
  colcon build 후 nav2 를 다시 띄워야 반영됩니다.
==============================================================
 동적 장애물  코스 vica_dynamiccourse  dwb + hybrid  보행자 1.2 m/s
 등장거리 6.0 4.0 3.0 2.0 1.5   각 1회
 결과 /home/sim/VICA-smarthandle/vica_ws/results/obstacle/dwb_hybrid
==============================================================

  --- 등장거리 6.0 m  #1
obstacle_sweep.sh: line 85: /proc/4189508/cmdline: No such file or directory
  failed, 2277 표본 -> /home/sim/VICA-smarthandle/vica_ws/results/obstacle/dwb_hybrid/trigger_6.0_r1.csv

  --- 등장거리 4.0 m  #1
obstacle_sweep.sh: line 85: /proc/4191613/cmdline: No such file or directory
obstacle_sweep.sh: line 85: /proc/4191867/cmdline: No such file or directory
obstacle_sweep.sh: line 82: 4191922 Killed                  nohup ros2 launch vica_description vica_nav2_bringup.launch.py map:="$MAP" launch_rviz:=false > /tmp/vica_obstacle_nav2.log 2>&1
obstacle_sweep.sh: line 85: /proc/4193100/cmdline: No such file or directory
obstacle_sweep.sh: line 85: /proc/4193115/cmdline: No such file or directory
obstacle_sweep.sh: line 85: /proc/4193215/cmdline: No such file or directory
  failed, 2091 표본 -> /home/sim/VICA-smarthandle/vica_ws/results/obstacle/dwb_hybrid/trigger_4.0_r1.csv

  --- 등장거리 3.0 m  #1
obstacle_sweep.sh: line 85: /proc/1549/cmdline: No such file or directory
obstacle_sweep.sh: line 85: /proc/1841/cmdline: No such file or directory
obstacle_sweep.sh: line 82:  1912 Killed                  nohup ros2 launch vica_description vica_nav2_bringup.launch.py map:="$MAP" launch_rviz:=false > /tmp/vica_obstacle_nav2.log 2>&1
obstacle_sweep.sh: line 85: /proc/3557/cmdline: No such file or directory
  timeout, 3601 표본 -> /home/sim/VICA-smarthandle/vica_ws/results/obstacle/dwb_hybrid/trigger_3.0_r1.csv

  --- 등장거리 2.0 m  #1
obstacle_sweep.sh: line 82:  6574 Killed                  nohup ros2 launch vica_description vica_nav2_bringup.launch.py map:="$MAP" launch_rviz:=false > /tmp/vica_obstacle_nav2.log 2>&1
obstacle_sweep.sh: line 85: /proc/8227/cmdline: No such file or directory
  timeout, 3601 표본 -> /home/sim/VICA-smarthandle/vica_ws/results/obstacle/dwb_hybrid/trigger_2.0_r1.csv

  --- 등장거리 1.5 m  #1
obstacle_sweep.sh: line 85: /proc/10478/cmdline: No such file or directory
obstacle_sweep.sh: line 85: /proc/10736/cmdline: No such file or directory
obstacle_sweep.sh: line 82: 10793 Killed                  nohup ros2 launch vica_description vica_nav2_bringup.launch.py map:="$MAP" launch_rviz:=false > /tmp/vica_obstacle_nav2.log 2>&1
  failed, 1843 표본 -> /home/sim/VICA-smarthandle/vica_ws/results/obstacle/dwb_hybrid/trigger_1.5_r1.csv
obstacle_sweep.sh: line 82: 15082 Killed                  nohup ros2 launch vica_description vica_nav2_bringup.launch.py map:="$MAP" launch_rviz:=false > /tmp/vica_obstacle_nav2.log 2>&1

=== 완료. 표를 보려면:
    ros2 run vica_description obstacle_report /home/sim/VICA-smarthandle/vica_ws/results/obstacle/dwb_hybrid
