
##############################################################
 dwb + hybrid   vica_uturncourse   폭 1.00 1.20 1.50
##############################################################
  controller mppi -> dwb   smoother accel [2.5, 0.0, 3.2] decel [-1.25, 0.0, -3.2]
  planner    smac2d -> hybrid
  colcon build 후 nav2 를 다시 띄워야 반영됩니다.
==============================================================
 dwb + hybrid   inflation 0.55   레인 1.00 1.20 1.50   각 1회
 결과 /home/sim/VICA-smarthandle/vica_ws/results/matrix/vica_uturncourse/dwb_hybrid_infl0.55
==============================================================
/home/sim/VICA-smarthandle/vica_ws/src/vica_description/scripts/width_sweep.sh: line 94: /proc/4149428/cmdline: No such file or directory
  --- 1.00 m  #1
  스테이지 검증 통과: 2026-09-02 22:10:22
  출발 위치 확인: AMCL 오차 0.03 m
                               진단 bt-recovery       plan 10건(0 빈것)  cmd 0 비율 0%  경로끝-목표 0.0 m  복구 134.7s Spin
    통과 위로 #1                   timeout   이동  0.00 m  남은거리  4.01 m  최소여유 0.42 m   33.8s
                               진단 planner-fail      plan 0건(0 빈것)  cmd 0 비율 0%  경로끝-목표 None m  복구 143.0s Spin
  1.20 #1  이미 있음, 건너뜀
/home/sim/VICA-smarthandle/vica_ws/src/vica_description/scripts/width_sweep.sh: line 94: /proc/4151844/cmdline: No such file or directory
/home/sim/VICA-smarthandle/vica_ws/src/vica_description/scripts/width_sweep.sh: line 91: 4152210 Killed                  nohup ros2 launch vica_description vica_nav2_bringup.launch.py map:="$MAP" launch_rviz:=false > /tmp/vica_sweep_nav2.log 2>&1
/home/sim/VICA-smarthandle/vica_ws/src/vica_description/scripts/width_sweep.sh: line 94: /proc/4154869/cmdline: No such file or directory
/home/sim/VICA-smarthandle/vica_ws/src/vica_description/scripts/width_sweep.sh: line 94: /proc/4154872/cmdline: No such file or directory
/home/sim/VICA-smarthandle/vica_ws/src/vica_description/scripts/width_sweep.sh: line 94: /proc/4154957/cmdline: No such file or directory
  --- 1.50 m  #1
  스테이지 검증 통과: 2026-09-02 22:10:22
  출발 위치 확인: AMCL 오차 0.02 m
                               진단 bt-recovery       plan 30건(0 빈것)  cmd 0 비율 0%  경로끝-목표 0.0 m  복구 59.8s Spin
    통과 위로 #1                   no-start  이동  0.00 m  남은거리  2.97 m  최소여유 0.48 m    0.0s
                               진단 planner-fail      plan 0건(0 빈것)  cmd 0 비율 100%  경로끝-목표 None m  복구 0.0s -
/home/sim/VICA-smarthandle/vica_ws/src/vica_description/scripts/width_sweep.sh: line 91: 4157492 Killed                  nohup ros2 launch vica_description vica_nav2_bringup.launch.py map:="$MAP" launch_rviz:=false > /tmp/vica_sweep_nav2.log 2>&1
/home/sim/VICA-smarthandle/vica_ws/src/vica_description/scripts/width_sweep.sh: line 94: /proc/4158663/cmdline: No such file or directory

=== 완료. dwb inflation 0.55 -> /home/sim/VICA-smarthandle/vica_ws/results/matrix/vica_uturncourse/dwb_hybrid_infl0.55

##############################################################
 rpp + hybrid   vica_uturncourse   폭 1.00 1.20 1.50
##############################################################
  planner 는 이미 hybrid 입니다.
  controller dwb -> rpp   smoother accel [2.5, 0.0, 3.2] decel [-1.25, 0.0, -3.2]
  colcon build 후 nav2 를 다시 띄워야 반영됩니다.
==============================================================
 rpp + hybrid   inflation 0.55   레인 1.00 1.20 1.50   각 1회
 결과 /home/sim/VICA-smarthandle/vica_ws/results/matrix/vica_uturncourse/rpp_hybrid_infl0.55
==============================================================
/home/sim/VICA-smarthandle/vica_ws/src/vica_description/scripts/width_sweep.sh: line 94: /proc/4160917/cmdline: No such file or directory
  --- 1.00 m  #1
  스테이지 검증 통과: 2026-09-02 22:10:22
  출발 위치 확인: AMCL 오차 0.01 m
                               진단 driving           plan 7건(0 빈것)  cmd 0 비율 1%  경로끝-목표 0.0 m  복구 0.0s -
    통과 위로 #1                   timeout   이동  0.15 m  남은거리  4.01 m  최소여유 0.44 m   33.4s
                               진단 planner-fail      plan 0건(0 빈것)  cmd 0 비율 0%  경로끝-목표 None m  복구 142.2s Spin
  1.20 #1  이미 있음, 건너뜀
/home/sim/VICA-smarthandle/vica_ws/src/vica_description/scripts/width_sweep.sh: line 94: /proc/4163277/cmdline: No such file or directory
/home/sim/VICA-smarthandle/vica_ws/src/vica_description/scripts/width_sweep.sh: line 91: 4163333 Killed                  nohup ros2 launch vica_description vica_nav2_bringup.launch.py map:="$MAP" launch_rviz:=false > /tmp/vica_sweep_nav2.log 2>&1
/home/sim/VICA-smarthandle/vica_ws/src/vica_description/scripts/width_sweep.sh: line 94: /proc/4164760/cmdline: No such file or directory
  --- 1.50 m  #1
  스테이지 검증 통과: 2026-09-02 22:10:22
  출발 위치 확인: AMCL 오차 0.02 m
                               진단 driving           plan 7건(0 빈것)  cmd 0 비율 1%  경로끝-목표 0.0 m  복구 0.0s -
    통과 위로 #1                   timeout   이동  0.17 m  남은거리  3.96 m  최소여유 0.43 m   33.6s
                               진단 controller-refuse plan 105건(0 빈것)  cmd 0 비율 85%  경로끝-목표 0.0 m  복구 40.9s Wait
/home/sim/VICA-smarthandle/vica_ws/src/vica_description/scripts/width_sweep.sh: line 91: 4167365 Killed                  nohup ros2 launch vica_description vica_nav2_bringup.launch.py map:="$MAP" launch_rviz:=false > /tmp/vica_sweep_nav2.log 2>&1
/home/sim/VICA-smarthandle/vica_ws/src/vica_description/scripts/width_sweep.sh: line 94: /proc/4168841/cmdline: No such file or directory
/home/sim/VICA-smarthandle/vica_ws/src/vica_description/scripts/width_sweep.sh: line 94: /proc/4168871/cmdline: No such file or directory

=== 완료. rpp inflation 0.55 -> /home/sim/VICA-smarthandle/vica_ws/results/matrix/vica_uturncourse/rpp_hybrid_infl0.55

==============================================================
 끝. 결과 /home/sim/VICA-smarthandle/vica_ws/results/matrix
 요약:  python3 /home/sim/VICA-smarthandle/vica_ws/src/vica_description/scripts/matrix_report.py /home/sim/VICA-smarthandle/vica_ws/results/matrix
==============================================================
